
C:\Users\sabin\.gemini\antigravity\scratch\plant-finder\frontend\src\components\common\InAppBrowserGuard.tsx
  10:74  error  Unexpected any. Specify a different type                                                                                                                                                                                                                                                                                                                                                                                                                                                                                                                                                                                                                                                                                                                                                                                                                                                                                                                                                                                                                                     @typescript-eslint/no-explicit-any
  17:13  error  Error: Calling setState synchronously within an effect can trigger cascading renders

Effects are intended to synchronize state between React and external systems such as manually updating the DOM, state management libraries, or other platform APIs. In general, the body of an effect should do one or both of the following:
* Update external systems with the latest state from React.
* Subscribe for updates from some external system, calling setState in a callback function when external state changes.

Calling setState synchronously within an effect body causes cascading renders that can hurt performance, and is not recommended. (https://react.dev/learn/you-might-not-need-an-effect).

C:\Users\sabin\.gemini\antigravity\scratch\plant-finder\frontend\src\components\common\InAppBrowserGuard.tsx:17:13
  15 |
  16 |         if (isInstagram || isFacebook || isLinkedIn) {
> 17 |             setIsInApp(true);
     |             ^^^^^^^^^^ Avoid calling setState() directly within an effect
  18 |         }
  19 |     }, []);
  20 |  react-hooks/set-state-in-effect

C:\Users\sabin\.gemini\antigravity\scratch\plant-finder\frontend\src\components\common\InstallPrompt.tsx
  54:14   error  'e' is defined but never used             @typescript-eslint/no-unused-vars
  70:100  error  Unexpected any. Specify a different type  @typescript-eslint/no-explicit-any

C:\Users\sabin\.gemini\antigravity\scratch\plant-finder\frontend\src\components\common\NetworkIndicator.tsx
  23:13  error  Use "@ts-expect-error" instead of "@ts-ignore", as "@ts-ignore" will do nothing if the following line is error-free  @typescript-eslint/ban-ts-comment
  42:9   error  Use "@ts-expect-error" instead of "@ts-ignore", as "@ts-ignore" will do nothing if the following line is error-free  @typescript-eslint/ban-ts-comment

C:\Users\sabin\.gemini\antigravity\scratch\plant-finder\frontend\src\components\common\PermissionCenter.tsx
  24:22  error  'e' is defined but never used                                                                                                                                                                                                                                                                                                                                                                                                                                                                                                                                                                                                                                                                                                                                                                                                                                                                                                                                                                                                                                                                                                                   @typescript-eslint/no-unused-vars
  34:22  error  'e' is defined but never used                                                                                                                                                                                                                                                                                                                                                                                                                                                                                                                                                                                                                                                                                                                                                                                                                                                                                                                                                                                                                                                                                                                   @typescript-eslint/no-unused-vars
  41:22  error  'e' is defined but never used                                                                                                                                                                                                                                                                                                                                                                                                                                                                                                                                                                                                                                                                                                                                                                                                                                                                                                                                                                                                                                                                                                                   @typescript-eslint/no-unused-vars
  49:9   error  Error: Calling setState synchronously within an effect can trigger cascading renders

Effects are intended to synchronize state between React and external systems such as manually updating the DOM, state management libraries, or other platform APIs. In general, the body of an effect should do one or both of the following:
* Update external systems with the latest state from React.
* Subscribe for updates from some external system, calling setState in a callback function when external state changes.

Calling setState synchronously within an effect body causes cascading renders that can hurt performance, and is not recommended. (https://react.dev/learn/you-might-not-need-an-effect).

C:\Users\sabin\.gemini\antigravity\scratch\plant-finder\frontend\src\components\common\PermissionCenter.tsx:49:9
  47 |
  48 |     useEffect(() => {
> 49 |         checkPermissions();
     |         ^^^^^^^^^^^^^^^^ Avoid calling setState() directly within an effect
  50 |
  51 |         const handleToggle = () => setIsOpen(true);
  52 |         window.addEventListener('toggleVanaPermissions', handleToggle);  react-hooks/set-state-in-effect

C:\Users\sabin\.gemini\antigravity\scratch\plant-finder\frontend\src\components\features\games\PotMaker.tsx
  65:13  error  Error: This value cannot be modified

Modifying a value returned from a hook is not allowed. Consider moving the modification into the hook where the value is constructed.

C:\Users\sabin\.gemini\antigravity\scratch\plant-finder\frontend\src\components\features\games\PotMaker.tsx:65:13
  63 |     useEffect(() => {
  64 |         if (texture) {
> 65 |             texture.wrapS = THREE.ClampToEdgeWrapping;
     |             ^^^^^^^ `texture` cannot be modified
  66 |             texture.wrapT = THREE.ClampToEdgeWrapping;
  67 |             texture.anisotropy = 16;
  68 |             texture.minFilter = THREE.LinearMipmapLinearFilter;  react-hooks/immutability

C:\Users\sabin\.gemini\antigravity\scratch\plant-finder\frontend\src\components\features\plants\PlantDetailsModal.tsx
   15:24  error  Unexpected any. Specify a different type  @typescript-eslint/no-explicit-any
  175:62  error  Unexpected any. Specify a different type  @typescript-eslint/no-explicit-any
  189:62  error  Unexpected any. Specify a different type  @typescript-eslint/no-explicit-any

C:\Users\sabin\.gemini\antigravity\scratch\plant-finder\frontend\src\components\features\vendor\MarketInsights.tsx
  11:40  error  Unexpected any. Specify a different type  @typescript-eslint/no-explicit-any
  50:53  error  Unexpected any. Specify a different type  @typescript-eslint/no-explicit-any
  71:62  error  Unexpected any. Specify a different type  @typescript-eslint/no-explicit-any

C:\Users\sabin\.gemini\antigravity\scratch\plant-finder\frontend\src\components\features\vendor\VendorInventory.tsx
   33:8   warning  React Hook useEffect has a missing dependency: 'loadPlants'. Either include it or remove the dependency array  react-hooks/exhaustive-deps
   42:41  error    Unexpected any. Specify a different type                                                                       @typescript-eslint/no-explicit-any
   62:45  error    Unexpected any. Specify a different type                                                                       @typescript-eslint/no-explicit-any
  142:18  error    'err' is defined but never used                                                                                @typescript-eslint/no-unused-vars
  166:18  error    'err' is defined but never used                                                                                @typescript-eslint/no-unused-vars

C:\Users\sabin\.gemini\antigravity\scratch\plant-finder\frontend\src\components\layout\SwipeNavigator.tsx
  98:8  warning  React Hook useEffect has a missing dependency: 'tabs'. Either include it or remove the dependency array  react-hooks/exhaustive-deps

C:\Users\sabin\.gemini\antigravity\scratch\plant-finder\frontend\src\context\CartContext.tsx
   59:73  error  Unexpected any. Specify a different type                                                                                        @typescript-eslint/no-explicit-any
   59:91  error  Unexpected any. Specify a different type                                                                                        @typescript-eslint/no-explicit-any
   77:66  error  Unexpected any. Specify a different type                                                                                        @typescript-eslint/no-explicit-any
  125:47  error  Unexpected any. Specify a different type                                                                                        @typescript-eslint/no-explicit-any
  205:14  error  Fast refresh only works when a file only exports components. Use a new file to share constants or functions between components  react-refresh/only-export-components

C:\Users\sabin\.gemini\antigravity\scratch\plant-finder\frontend\src\context\ThemeContext.tsx
  54:14  error  Fast refresh only works when a file only exports components. Use a new file to share constants or functions between components  react-refresh/only-export-components

C:\Users\sabin\.gemini\antigravity\scratch\plant-finder\frontend\src\pages\AIDoctor.tsx
  115:58  error    Unexpected any. Specify a different type                                                                    @typescript-eslint/no-explicit-any
  132:22  error    'e' is defined but never used                                                                               @typescript-eslint/no-unused-vars
  240:50  error    Unexpected any. Specify a different type                                                                    @typescript-eslint/no-explicit-any
  364:8   warning  React Hook useEffect has a missing dependency: 'synth'. Either include it or remove the dependency array    react-hooks/exhaustive-deps
  379:25  error    Unnecessary escape character: \-                                                                            no-useless-escape
  542:8   warning  React Hook useCallback has a missing dependency: 'synth'. Either include it or remove the dependency array  react-hooks/exhaustive-deps
  566:8   warning  React Hook useEffect has a missing dependency: 'speak'. Either include it or remove the dependency array    react-hooks/exhaustive-deps
  572:35  error    Unexpected any. Specify a different type                                                                    @typescript-eslint/no-explicit-any
  581:46  error    Unexpected any. Specify a different type                                                                    @typescript-eslint/no-explicit-any
  581:83  error    Unexpected any. Specify a different type                                                                    @typescript-eslint/no-explicit-any
  617:40  error    Unexpected any. Specify a different type                                                                    @typescript-eslint/no-explicit-any
  636:39  error    Unexpected any. Specify a different type                                                                    @typescript-eslint/no-explicit-any

C:\Users\sabin\.gemini\antigravity\scratch\plant-finder\frontend\src\pages\Admin.tsx
  41:13  error  Error: Calling setState synchronously within an effect can trigger cascading renders

Effects are intended to synchronize state between React and external systems such as manually updating the DOM, state management libraries, or other platform APIs. In general, the body of an effect should do one or both of the following:
* Update external systems with the latest state from React.
* Subscribe for updates from some external system, calling setState in a callback function when external state changes.

Calling setState synchronously within an effect body causes cascading renders that can hurt performance, and is not recommended. (https://react.dev/learn/you-might-not-need-an-effect).

C:\Users\sabin\.gemini\antigravity\scratch\plant-finder\frontend\src\pages\Admin.tsx:41:13
  39 |     useEffect(() => {
  40 |         if (!authLoading && user?.role === 'admin') {
> 41 |             loadData();
     |             ^^^^^^^^ Avoid calling setState() directly within an effect
  42 |         }
  43 |     }, [user, loadData, authLoading]);
  44 |  react-hooks/set-state-in-effect

C:\Users\sabin\.gemini\antigravity\scratch\plant-finder\frontend\src\pages\Auth.tsx
   49:8   warning  React Hook useEffect has a missing dependency: 'selectedCountry'. Either include it or remove the dependency array  react-hooks/exhaustive-deps
  102:18  error    'e' is defined but never used                                                                                       @typescript-eslint/no-unused-vars
  144:23  error    Unexpected any. Specify a different type                                                                            @typescript-eslint/no-explicit-any
  214:27  error    Unexpected any. Specify a different type                                                                            @typescript-eslint/no-explicit-any
  224:22  error    'err' is defined but never used                                                                                     @typescript-eslint/no-unused-vars
  243:23  error    Unexpected any. Specify a different type                                                                            @typescript-eslint/no-explicit-any
  372:58  error    'e' is defined but never used                                                                                       @typescript-eslint/no-unused-vars

C:\Users\sabin\.gemini\antigravity\scratch\plant-finder\frontend\src\pages\Contact.tsx
  84:25  error  Unexpected any. Specify a different type  @typescript-eslint/no-explicit-any

C:\Users\sabin\.gemini\antigravity\scratch\plant-finder\frontend\src\pages\DailyNews.tsx
  9:38  error  Unexpected any. Specify a different type  @typescript-eslint/no-explicit-any

C:\Users\sabin\.gemini\antigravity\scratch\plant-finder\frontend\src\pages\ForestGame.tsx
  106:18  error  'e' is defined but never used  @typescript-eslint/no-unused-vars

C:\Users\sabin\.gemini\antigravity\scratch\plant-finder\frontend\src\pages\Home.tsx
   25:44  error    Unexpected any. Specify a different type                                                                                              @typescript-eslint/no-explicit-any
   29:18  error    'e' is defined but never used                                                                                                         @typescript-eslint/no-unused-vars
   39:52  error    Unexpected any. Specify a different type                                                                                              @typescript-eslint/no-explicit-any
   86:22  error    'e' is defined but never used                                                                                                         @typescript-eslint/no-unused-vars
  125:8   warning  React Hook useEffect has missing dependencies: 'isFromCache' and 'plantsLoading'. Either include them or remove the dependency array  react-hooks/exhaustive-deps
  312:38  error    Unexpected any. Specify a different type                                                                                              @typescript-eslint/no-explicit-any
  557:70  error    Unexpected any. Specify a different type                                                                                              @typescript-eslint/no-explicit-any
  699:76  error    Unexpected any. Specify a different type                                                                                              @typescript-eslint/no-explicit-any

C:\Users\sabin\.gemini\antigravity\scratch\plant-finder\frontend\src\pages\Leaderboard.tsx
   8:12  error  Unexpected any. Specify a different type  @typescript-eslint/no-explicit-any
   9:13  error  Unexpected any. Specify a different type  @typescript-eslint/no-explicit-any
  32:25  error  Unexpected any. Specify a different type  @typescript-eslint/no-explicit-any
  74:34  error  Unexpected any. Specify a different type  @typescript-eslint/no-explicit-any

C:\Users\sabin\.gemini\antigravity\scratch\plant-finder\frontend\src\pages\Nearby.tsx
  206:18  error  'e' is defined but never used            @typescript-eslint/no-unused-vars
  244:26  error  'fallbackErr' is defined but never used  @typescript-eslint/no-unused-vars

C:\Users\sabin\.gemini\antigravity\scratch\plant-finder\frontend\src\pages\PotDesigner.tsx
   31:71  error  Unexpected any. Specify a different type  @typescript-eslint/no-explicit-any
   52:55  error  Unexpected any. Specify a different type  @typescript-eslint/no-explicit-any
  199:23  error  Unexpected any. Specify a different type  @typescript-eslint/no-explicit-any
  258:51  error  Unexpected any. Specify a different type  @typescript-eslint/no-explicit-any

C:\Users\sabin\.gemini\antigravity\scratch\plant-finder\frontend\src\pages\Premium.tsx
   45:8   warning  React Hook useEffect has a missing dependency: 'API_URL'. Either include it or remove the dependency array  react-hooks/exhaustive-deps
   98:52  error    Unexpected any. Specify a different type                                                                    @typescript-eslint/no-explicit-any
  131:50  error    Unexpected any. Specify a different type                                                                    @typescript-eslint/no-explicit-any

C:\Users\sabin\.gemini\antigravity\scratch\plant-finder\frontend\src\pages\Shops.tsx
   42:54  error    Unexpected any. Specify a different type                                                                         @typescript-eslint/no-explicit-any
   43:53  error    Unexpected any. Specify a different type                                                                         @typescript-eslint/no-explicit-any
   78:8   warning  React Hook useEffect has a missing dependency: 'loadData'. Either include it or remove the dependency array      react-hooks/exhaustive-deps
   94:34  error    Unexpected any. Specify a different type                                                                         @typescript-eslint/no-explicit-any
  143:8   warning  React Hook useMemo has a missing dependency: 'getStockStatus'. Either include it or remove the dependency array  react-hooks/exhaustive-deps

C:\Users\sabin\.gemini\antigravity\scratch\plant-finder\frontend\src\pages\Support.tsx
  36:18  error  'err' is defined but never used  @typescript-eslint/no-unused-vars

C:\Users\sabin\.gemini\antigravity\scratch\plant-finder\frontend\src\pages\UserDashboard.tsx
   40:5   error    React Hook "useEffect" is called conditionally. React Hooks must be called in the exact same order in every component render                                                                react-hooks/rules-of-hooks
   47:57  error    Unexpected any. Specify a different type                                                                                                                                                    @typescript-eslint/no-explicit-any
   47:65  error    Unexpected any. Specify a different type                                                                                                                                                    @typescript-eslint/no-explicit-any
   48:62  error    Unexpected any. Specify a different type                                                                                                                                                    @typescript-eslint/no-explicit-any
   60:5   error    React Hook "useEffect" is called conditionally. React Hooks must be called in the exact same order in every component render                                                                react-hooks/rules-of-hooks
   91:8   warning  React Hook useEffect has a missing dependency: 'navigate'. Either include it or remove the dependency array                                                                                 react-hooks/exhaustive-deps
  110:22  error    'err' is defined but never used                                                                                                                                                             @typescript-eslint/no-unused-vars
  160:18  error    'e' is defined but never used                                                                                                                                                               @typescript-eslint/no-unused-vars
  167:5   error    React Hook "useEffect" is called conditionally. React Hooks must be called in the exact same order in every component render                                                                react-hooks/rules-of-hooks
  182:8   warning  React Hook useEffect has a missing dependency: 'user'. Either include it or remove the dependency array                                                                                     react-hooks/exhaustive-deps
  210:18  error    'err' is defined but never used                                                                                                                                                             @typescript-eslint/no-unused-vars
  229:59  error    React Hook "useState" is called conditionally. React Hooks must be called in the exact same order in every component render. Did you accidentally call a React Hook after an early return?  react-hooks/rules-of-hooks

C:\Users\sabin\.gemini\antigravity\scratch\plant-finder\frontend\src\pages\VendorPortal.tsx
  17:37  error    Unexpected any. Specify a different type                                                                           @typescript-eslint/no-explicit-any
  84:8   warning  React Hook useEffect has a missing dependency: 'loadVendorData'. Either include it or remove the dependency array  react-hooks/exhaustive-deps
  90:82  error    Unexpected any. Specify a different type                                                                           @typescript-eslint/no-explicit-any

C:\Users\sabin\.gemini\antigravity\scratch\plant-finder\frontend\src\pages\admin\AddPlant.tsx
   25:25   error  Unexpected any. Specify a different type  @typescript-eslint/no-explicit-any
  326:75   error  Unexpected any. Specify a different type  @typescript-eslint/no-explicit-any
  327:45   error  Unexpected any. Specify a different type  @typescript-eslint/no-explicit-any
  331:51   error  Unexpected any. Specify a different type  @typescript-eslint/no-explicit-any
  349:18   error  'err' is defined but never used           @typescript-eslint/no-unused-vars
  376:40   error  Unexpected any. Specify a different type  @typescript-eslint/no-explicit-any
  377:48   error  Unexpected any. Specify a different type  @typescript-eslint/no-explicit-any
  381:54   error  Unexpected any. Specify a different type  @typescript-eslint/no-explicit-any
  404:18   error  'err' is defined but never used           @typescript-eslint/no-unused-vars
  416:32   error  Unexpected any. Specify a different type  @typescript-eslint/no-explicit-any
  417:40   error  Unexpected any. Specify a different type  @typescript-eslint/no-explicit-any
  420:46   error  Unexpected any. Specify a different type  @typescript-eslint/no-explicit-any
  632:113  error  Unexpected any. Specify a different type  @typescript-eslint/no-explicit-any
  659:108  error  Unexpected any. Specify a different type  @typescript-eslint/no-explicit-any
  693:120  error  Unexpected any. Specify a different type  @typescript-eslint/no-explicit-any

C:\Users\sabin\.gemini\antigravity\scratch\plant-finder\frontend\src\pages\admin\AddVendor.tsx
  63:18  error  'err' is defined but never used  @typescript-eslint/no-unused-vars

C:\Users\sabin\.gemini\antigravity\scratch\plant-finder\frontend\src\pages\admin\AdminLogin.tsx
  38:18  error  'err' is defined but never used  @typescript-eslint/no-unused-vars

C:\Users\sabin\.gemini\antigravity\scratch\plant-finder\frontend\src\pages\admin\CustomerSupport.tsx
  39:18  error  'e' is defined but never used             @typescript-eslint/no-unused-vars
  59:18  error  'e' is defined but never used             @typescript-eslint/no-unused-vars
  81:21  error  Unexpected any. Specify a different type  @typescript-eslint/no-explicit-any

C:\Users\sabin\.gemini\antigravity\scratch\plant-finder\frontend\src\pages\admin\EditPlant.tsx
   97:18   error  'err' is defined but never used           @typescript-eslint/no-unused-vars
  113:79   error  Unexpected any. Specify a different type  @typescript-eslint/no-explicit-any
  145:23   error  Unexpected any. Specify a different type  @typescript-eslint/no-explicit-any
  272:101  error  Unexpected any. Specify a different type  @typescript-eslint/no-explicit-any
  291:102  error  Unexpected any. Specify a different type  @typescript-eslint/no-explicit-any
  304:108  error  Unexpected any. Specify a different type  @typescript-eslint/no-explicit-any

C:\Users\sabin\.gemini\antigravity\scratch\plant-finder\frontend\src\pages\admin\ManagePlants.tsx
  17:9   error  Error: Cannot access variable before it is declared

`loadPlants` is accessed before it is declared, which prevents the earlier access from updating when this value changes over time.

C:\Users\sabin\.gemini\antigravity\scratch\plant-finder\frontend\src\pages\admin\ManagePlants.tsx:17:9
  15 |
  16 |     useEffect(() => {
> 17 |         loadPlants();
     |         ^^^^^^^^^^ `loadPlants` accessed before it is declared
  18 |     }, []);
  19 |
  20 |     useEffect(() => {

C:\Users\sabin\.gemini\antigravity\scratch\plant-finder\frontend\src\pages\admin\ManagePlants.tsx:33:5
  31 |     }, [searchQuery, allPlants]);
  32 |
> 33 |     const loadPlants = async () => {
     |     ^^^^^^^^^^^^^^^^^^^^^^^^^^^^^^^^
> 34 |         const data = await fetchPlants();
     | ^^^^^^^^^^^^^^^^^^^^^^^^^^^^^^^^^^^^^^^^^
> 35 |         setAllPlants(data);
     | ^^^^^^^^^^^^^^^^^^^^^^^^^^^^^^^^^^^^^^^^^
> 36 |         setFilteredPlants(data);
     | ^^^^^^^^^^^^^^^^^^^^^^^^^^^^^^^^^^^^^^^^^
> 37 |     };
     | ^^^^^^^ `loadPlants` is declared here
  38 |
  39 |     const handleEdit = (plant: Plant) => {
  40 |         navigate(`/admin/edit-plant/${plant.id}`);  react-hooks/immutability
  50:18  error  'err' is defined but never used                                                                                                                                                                                                                                                                                                                                                                                                                                                                                                                                                                                                                                                                                                                                                                                                                                                                                                                                                                                                                                                                                                                                                                             @typescript-eslint/no-unused-vars

C:\Users\sabin\.gemini\antigravity\scratch\plant-finder\frontend\src\pages\admin\ManagePoints.tsx
   8:40  error  Unexpected any. Specify a different type  @typescript-eslint/no-explicit-any
  21:38  error  Unexpected any. Specify a different type  @typescript-eslint/no-explicit-any
  21:74  error  Unexpected any. Specify a different type  @typescript-eslint/no-explicit-any
  21:82  error  Unexpected any. Specify a different type  @typescript-eslint/no-explicit-any
  22:18  error  'err' is defined but never used           @typescript-eslint/no-unused-vars
  35:18  error  'err' is defined but never used           @typescript-eslint/no-unused-vars

C:\Users\sabin\.gemini\antigravity\scratch\plant-finder\frontend\src\pages\admin\ManageSuggestions.tsx
    8:52  error  Unexpected any. Specify a different type  @typescript-eslint/no-explicit-any
   17:18  error  'err' is defined but never used           @typescript-eslint/no-unused-vars
  133:54  error  'e' is defined but never used             @typescript-eslint/no-unused-vars
  153:50  error  'e' is defined but never used             @typescript-eslint/no-unused-vars

C:\Users\sabin\.gemini\antigravity\scratch\plant-finder\frontend\src\pages\admin\ManageUsers.tsx
    9:46  error  Unexpected any. Specify a different type  @typescript-eslint/no-explicit-any
   10:56  error  Unexpected any. Specify a different type  @typescript-eslint/no-explicit-any
   12:54  error  Unexpected any. Specify a different type  @typescript-eslint/no-explicit-any
   14:42  error  Unexpected any. Specify a different type  @typescript-eslint/no-explicit-any
   50:41  error  Unexpected any. Specify a different type  @typescript-eslint/no-explicit-any
   63:18  error  'err' is defined but never used           @typescript-eslint/no-unused-vars
   76:18  error  'e' is defined but never used             @typescript-eslint/no-unused-vars
   88:18  error  'e' is defined but never used             @typescript-eslint/no-unused-vars
  125:62  error  'e' is defined but never used             @typescript-eslint/no-unused-vars
  144:54  error  'e' is defined but never used             @typescript-eslint/no-unused-vars
  283:54  error  'e' is defined but never used             @typescript-eslint/no-unused-vars

C:\Users\sabin\.gemini\antigravity\scratch\plant-finder\frontend\src\pages\admin\ManageVendors.tsx
  46:18  error  'e' is defined but never used  @typescript-eslint/no-unused-vars
  55:18  error  'e' is defined but never used  @typescript-eslint/no-unused-vars
  65:18  error  'e' is defined but never used  @typescript-eslint/no-unused-vars
  83:18  error  'e' is defined but never used  @typescript-eslint/no-unused-vars

C:\Users\sabin\.gemini\antigravity\scratch\plant-finder\frontend\src\pages\admin\Notifications.tsx
  14:14  error  Unexpected any. Specify a different type  @typescript-eslint/no-explicit-any
  87:46  error  Unexpected any. Specify a different type  @typescript-eslint/no-explicit-any

C:\Users\sabin\.gemini\antigravity\scratch\plant-finder\frontend\src\pages\admin\PlantIdentifier.tsx
   29:42   error    Unexpected any. Specify a different type                                                                                                                                                                                                                                                                                                                                                                                                                                                                                                                                                                                                                                                                                                                                                                                                                                                                                                                                                                                                                                                                                                                                                       @typescript-eslint/no-explicit-any
   30:46   error    Unexpected any. Specify a different type                                                                                                                                                                                                                                                                                                                                                                                                                                                                                                                                                                                                                                                                                                                                                                                                                                                                                                                                                                                                                                                                                                                                                       @typescript-eslint/no-explicit-any
   35:9    error    Error: Cannot access variable before it is declared

`startCamera` is accessed before it is declared, which prevents the earlier access from updating when this value changes over time.

C:\Users\sabin\.gemini\antigravity\scratch\plant-finder\frontend\src\pages\admin\PlantIdentifier.tsx:35:9
  33 |
  34 |     useEffect(() => {
> 35 |         startCamera();
     |         ^^^^^^^^^^^ `startCamera` accessed before it is declared
  36 |         return () => stopCamera();
  37 |     }, []);
  38 |

C:\Users\sabin\.gemini\antigravity\scratch\plant-finder\frontend\src\pages\admin\PlantIdentifier.tsx:43:5
  41 |     }, []);
  42 |
> 43 |     const startCamera = async () => {
     |     ^^^^^^^^^^^^^^^^^^^^^^^^^^^^^^^^^
> 44 |         try {
     | ^^^^^^^^^^^^^
> 45 |             const stream = await navigator.mediaDevices.getUserMedia({
     ΓÇª
     | ^^^^^^^^^^^^^
> 59 |         }
     | ^^^^^^^^^^^^^
> 60 |     };
     | ^^^^^^^ `startCamera` is declared here
  61 |
  62 |     const stopCamera = () => {
  63 |         if (stream) {                                                                                                               react-hooks/immutability
   36:22   error    Error: Cannot access variable before it is declared

`stopCamera` is accessed before it is declared, which prevents the earlier access from updating when this value changes over time.

C:\Users\sabin\.gemini\antigravity\scratch\plant-finder\frontend\src\pages\admin\PlantIdentifier.tsx:36:22
  34 |     useEffect(() => {
  35 |         startCamera();
> 36 |         return () => stopCamera();
     |                      ^^^^^^^^^^ `stopCamera` accessed before it is declared
  37 |     }, []);
  38 |
  39 |     useEffect(() => {

C:\Users\sabin\.gemini\antigravity\scratch\plant-finder\frontend\src\pages\admin\PlantIdentifier.tsx:62:5
  60 |     };
  61 |
> 62 |     const stopCamera = () => {
     |     ^^^^^^^^^^^^^^^^^^^^^^^^^^
> 63 |         if (stream) {
     | ^^^^^^^^^^^^^^^^^^^^^
> 64 |             stream.getTracks().forEach(track => track.stop());
     | ^^^^^^^^^^^^^^^^^^^^^
> 65 |             setStream(null);
     | ^^^^^^^^^^^^^^^^^^^^^
> 66 |         }
     | ^^^^^^^^^^^^^^^^^^^^^
> 67 |     };
     | ^^^^^^^ `stopCamera` is declared here
  68 |
  69 |     const handleFocus = async () => {
  70 |         if (!stream) return;  react-hooks/immutability
   37:8    warning  React Hook useEffect has a missing dependency: 'stopCamera'. Either include it or remove the dependency array                                                                                                                                                                                                                                                                                                                                                                                                                                                                                                                                                                                                                                                                                                                                                                                                                                                                                                                                                                                                                                                                                  react-hooks/exhaustive-deps
   57:18   error    'err' is defined but never used                                                                                                                                                                                                                                                                                                                                                                                                                                                                                                                                                                                                                                                                                                                                                                                                                                                                                                                                                                                                                                                                                                                                                                @typescript-eslint/no-unused-vars
   74:61   error    Unexpected any. Specify a different type                                                                                                                                                                                                                                                                                                                                                                                                                                                                                                                                                                                                                                                                                                                                                                                                                                                                                                                                                                                                                                                                                                                                                       @typescript-eslint/no-explicit-any
   77:64   error    Unexpected any. Specify a different type                                                                                                                                                                                                                                                                                                                                                                                                                                                                                                                                                                                                                                                                                                                                                                                                                                                                                                                                                                                                                                                                                                                                                       @typescript-eslint/no-explicit-any
   82:65   error    Unexpected any. Specify a different type                                                                                                                                                                                                                                                                                                                                                                                                                                                                                                                                                                                                                                                                                                                                                                                                                                                                                                                                                                                                                                                                                                                                                       @typescript-eslint/no-explicit-any
  120:13   error    'colorSum' is assigned a value but never used                                                                                                                                                                                                                                                                                                                                                                                                                                                                                                                                                                                                                                                                                                                                                                                                                                                                                                                                                                                                                                                                                                                                                  @typescript-eslint/no-unused-vars
  179:47   error    Unexpected any. Specify a different type                                                                                                                                                                                                                                                                                                                                                                                                                                                                                                                                                                                                                                                                                                                                                                                                                                                                                                                                                                                                                                                                                                                                                       @typescript-eslint/no-explicit-any
  179:82   error    Unexpected any. Specify a different type                                                                                                                                                                                                                                                                                                                                                                                                                                                                                                                                                                                                                                                                                                                                                                                                                                                                                                                                                                                                                                                                                                                                                       @typescript-eslint/no-explicit-any
  180:57   error    Unexpected any. Specify a different type                                                                                                                                                                                                                                                                                                                                                                                                                                                                                                                                                                                                                                                                                                                                                                                                                                                                                                                                                                                                                                                                                                                                                       @typescript-eslint/no-explicit-any
  181:112  error    Unexpected any. Specify a different type                                                                                                                                                                                                                                                                                                                                                                                                                                                                                                                                                                                                                                                                                                                                                                                                                                                                                                                                                                                                                                                                                                                                                       @typescript-eslint/no-explicit-any
  182:52   error    Unexpected any. Specify a different type                                                                                                                                                                                                                                                                                                                                                                                                                                                                                                                                                                                                                                                                                                                                                                                                                                                                                                                                                                                                                                                                                                                                                       @typescript-eslint/no-explicit-any
  183:56   error    Unexpected any. Specify a different type                                                                                                                                                                                                                                                                                                                                                                                                                                                                                                                                                                                                                                                                                                                                                                                                                                                                                                                                                                                                                                                                                                                                                       @typescript-eslint/no-explicit-any
  184:55   error    Unexpected any. Specify a different type                                                                                                                                                                                                                                                                                                                                                                                                                                                                                                                                                                                                                                                                                                                                                                                                                                                                                                                                                                                                                                                                                                                                                       @typescript-eslint/no-explicit-any
  185:72   error    Unexpected any. Specify a different type                                                                                                                                                                                                                                                                                                                                                                                                                                                                                                                                                                                                                                                                                                                                                                                                                                                                                                                                                                                                                                                                                                                                                       @typescript-eslint/no-explicit-any
  382:93   error    Unexpected any. Specify a different type                                                                                                                                                                                                                                                                                                                                                                                                                                                                                                                                                                                                                                                                                                                                                                                                                                                                                                                                                                                                                                                                                                                                                       @typescript-eslint/no-explicit-any
  479:96   error    Unexpected any. Specify a different type                                                                                                                                                                                                                                                                                                                                                                                                                                                                                                                                                                                                                                                                                                                                                                                                                                                                                                                                                                                                                                                                                                                                                       @typescript-eslint/no-explicit-any

C:\Users\sabin\.gemini\antigravity\scratch\plant-finder\frontend\src\pages\admin\PotDesigns.tsx
  15:17  error  Unexpected any. Specify a different type  @typescript-eslint/no-explicit-any
  47:18  error  'e' is defined but never used             @typescript-eslint/no-unused-vars

C:\Users\sabin\.gemini\antigravity\scratch\plant-finder\frontend\src\pages\admin\Premium.tsx
   66:8   warning  React Hook useEffect has a missing dependency: 'loadData'. Either include it or remove the dependency array  react-hooks/exhaustive-deps
   84:18  error    'err' is defined but never used                                                                              @typescript-eslint/no-unused-vars
  107:18  error    'err' is defined but never used                                                                              @typescript-eslint/no-unused-vars
  267:58  error    'e' is defined but never used                                                                                @typescript-eslint/no-unused-vars

C:\Users\sabin\.gemini\antigravity\scratch\plant-finder\frontend\src\pages\admin\PriceManagement.tsx
   27:18  error  'err' is defined but never used  @typescript-eslint/no-unused-vars
   85:18  error  'err' is defined but never used  @typescript-eslint/no-unused-vars
  103:18  error  'err' is defined but never used  @typescript-eslint/no-unused-vars

C:\Users\sabin\.gemini\antigravity\scratch\plant-finder\frontend\src\pages\admin\SeedDashboard.tsx
    9:56  error  Unexpected any. Specify a different type  @typescript-eslint/no-explicit-any
    9:72  error  Unexpected any. Specify a different type  @typescript-eslint/no-explicit-any
   27:36  error  Unexpected any. Specify a different type  @typescript-eslint/no-explicit-any
   41:38  error  Unexpected any. Specify a different type  @typescript-eslint/no-explicit-any
   63:25  error  Unexpected any. Specify a different type  @typescript-eslint/no-explicit-any
   70:40  error  Unexpected any. Specify a different type  @typescript-eslint/no-explicit-any
   89:25  error  Unexpected any. Specify a different type  @typescript-eslint/no-explicit-any
   94:44  error  Unexpected any. Specify a different type  @typescript-eslint/no-explicit-any
  100:21  error  Unexpected any. Specify a different type  @typescript-eslint/no-explicit-any
  107:44  error  Unexpected any. Specify a different type  @typescript-eslint/no-explicit-any
  114:21  error  Unexpected any. Specify a different type  @typescript-eslint/no-explicit-any
  136:21  error  Unexpected any. Specify a different type  @typescript-eslint/no-explicit-any
  143:35  error  Unexpected any. Specify a different type  @typescript-eslint/no-explicit-any
  156:32  error  Unexpected any. Specify a different type  @typescript-eslint/no-explicit-any

C:\Users\sabin\.gemini\antigravity\scratch\plant-finder\frontend\src\pages\admin\Settings.tsx
  69:22  error  'err' is defined but never used  @typescript-eslint/no-unused-vars

C:\Users\sabin\.gemini\antigravity\scratch\plant-finder\frontend\src\services\advancedAI.ts
   92:18  error  'error' is defined but never used  @typescript-eslint/no-unused-vars
  151:22  error  'error' is defined but never used  @typescript-eslint/no-unused-vars

C:\Users\sabin\.gemini\antigravity\scratch\plant-finder\frontend\src\services\api.ts
  534:17  error  Unexpected any. Specify a different type  @typescript-eslint/no-explicit-any
  545:19  error  Unexpected any. Specify a different type  @typescript-eslint/no-explicit-any
  640:49  error  Unexpected any. Specify a different type  @typescript-eslint/no-explicit-any
  640:69  error  Unexpected any. Specify a different type  @typescript-eslint/no-explicit-any

C:\Users\sabin\.gemini\antigravity\scratch\plant-finder\frontend\src\services\careCalendar.ts
   30:41  error  Unexpected any. Specify a different type                                                                                                                                                                                                                                                                                                                                                                                                                                                                                                                                                                                                                                                                                                                                                                                                                                                                                                                                                                                                                                                           @typescript-eslint/no-explicit-any
  230:9   error  Error: Calling setState synchronously within an effect can trigger cascading renders

Effects are intended to synchronize state between React and external systems such as manually updating the DOM, state management libraries, or other platform APIs. In general, the body of an effect should do one or both of the following:
* Update external systems with the latest state from React.
* Subscribe for updates from some external system, calling setState in a callback function when external state changes.

Calling setState synchronously within an effect body causes cascading renders that can hurt performance, and is not recommended. (https://react.dev/learn/you-might-not-need-an-effect).

C:\Users\sabin\.gemini\antigravity\scratch\plant-finder\frontend\src\services\careCalendar.ts:230:9
  228 |
  229 |     useEffect(() => {
> 230 |         loadReminders();
      |         ^^^^^^^^^^^^^ Avoid calling setState() directly within an effect
  231 |
  232 |         // Check for due reminders every hour
  233 |         const interval = setInterval(() => {  react-hooks/set-state-in-effect

C:\Users\sabin\.gemini\antigravity\scratch\plant-finder\frontend\src\services\imageRecognition.ts
  188:62  error  Unexpected any. Specify a different type  @typescript-eslint/no-explicit-any
  192:62  error  Unexpected any. Specify a different type  @typescript-eslint/no-explicit-any
  204:64  error  Unexpected any. Specify a different type  @typescript-eslint/no-explicit-any
  215:64  error  Unexpected any. Specify a different type  @typescript-eslint/no-explicit-any

C:\Users\sabin\.gemini\antigravity\scratch\plant-finder\frontend\src\services\shoppingAssistant.ts
   38:48  error  '_category' is defined but never used   @typescript-eslint/no-unused-vars
  178:28  error  '_productId' is defined but never used  @typescript-eslint/no-unused-vars
  232:18  error  'err' is defined but never used         @typescript-eslint/no-unused-vars
  246:18  error  'err' is defined but never used         @typescript-eslint/no-unused-vars
  261:18  error  'err' is defined but never used         @typescript-eslint/no-unused-vars

C:\Users\sabin\.gemini\antigravity\scratch\plant-finder\frontend\src\services\translation.ts
  259:9  error  Error: Calling setState synchronously within an effect can trigger cascading renders

Effects are intended to synchronize state between React and external systems such as manually updating the DOM, state management libraries, or other platform APIs. In general, the body of an effect should do one or both of the following:
* Update external systems with the latest state from React.
* Subscribe for updates from some external system, calling setState in a callback function when external state changes.

Calling setState synchronously within an effect body causes cascading renders that can hurt performance, and is not recommended. (https://react.dev/learn/you-might-not-need-an-effect).

C:\Users\sabin\.gemini\antigravity\scratch\plant-finder\frontend\src\services\translation.ts:259:9
  257 |     useEffect(() => {
  258 |         TranslationService.initialize();
> 259 |         setCurrentLang(TranslationService.getCurrentLanguage());
      |         ^^^^^^^^^^^^^^ Avoid calling setState() directly within an effect
  260 |     }, []);
  261 |
  262 |     const changeLanguage = (lang: SupportedLanguage) => {  react-hooks/set-state-in-effect

C:\Users\sabin\.gemini\antigravity\scratch\plant-finder\frontend\src\services\voice.ts
   11:33  error  Unexpected any. Specify a different type  @typescript-eslint/no-explicit-any
   18:46  error  Unexpected any. Specify a different type  @typescript-eslint/no-explicit-any
   18:83  error  Unexpected any. Specify a different type  @typescript-eslint/no-explicit-any
   53:45  error  Unexpected any. Specify a different type  @typescript-eslint/no-explicit-any
   64:44  error  Unexpected any. Specify a different type  @typescript-eslint/no-explicit-any
   75:18  error  'error' is defined but never used         @typescript-eslint/no-unused-vars
  230:62  error  Unexpected any. Specify a different type  @typescript-eslint/no-explicit-any
  234:18  error  'err' is defined but never used           @typescript-eslint/no-unused-vars

C:\Users\sabin\.gemini\antigravity\scratch\plant-finder\frontend\src\utils\logic.ts
  66:5   error  '_unused' is assigned a value but never used   @typescript-eslint/no-unused-vars
  66:14  error  Unexpected any. Specify a different type       @typescript-eslint/no-explicit-any
  67:5   error  '_unused2' is assigned a value but never used  @typescript-eslint/no-unused-vars
  67:15  error  Unexpected any. Specify a different type       @typescript-eslint/no-explicit-any
  78:29  error  Unexpected any. Specify a different type       @typescript-eslint/no-explicit-any

C:\Users\sabin\.gemini\antigravity\scratch\plant-finder\frontend\src\utils\smartResponseEngine.ts
  10:20  error  Unexpected any. Specify a different type  @typescript-eslint/no-explicit-any
  56:55  error  Unexpected any. Specify a different type  @typescript-eslint/no-explicit-any

Γ£û 226 problems (211 errors, 15 warnings)

